[debug] [2026-07-18T16:16:09.167Z] ----------------------------------------------------------------------
[debug] [2026-07-18T16:16:09.175Z] Command:       C:\Program Files\nodejs\node.exe C:\Users\rites\AppData\Roaming\npm\node_modules\firebase-tools\lib\bin\firebase.js init emulators --project sri-vihaan-sap-testing
[debug] [2026-07-18T16:16:09.176Z] CLI Version:   15.24.0
[debug] [2026-07-18T16:16:09.176Z] Platform:      win32
[debug] [2026-07-18T16:16:09.176Z] Node Version:  v20.20.1
[debug] [2026-07-18T16:16:09.177Z] Detected Agent: antigravity
[debug] [2026-07-18T16:16:09.177Z] Time:          Sat Jul 18 2026 21:46:09 GMT+0530 (India Standard Time)
[debug] [2026-07-18T16:16:09.178Z] ----------------------------------------------------------------------
[debug] 
[debug] [2026-07-18T16:16:09.225Z] >>> [apiv2][query] GET https://firebase-public.firebaseio.com/cli.json [none]
[info] 
     ######## #### ########  ######## ########     ###     ######  ########
     ##        ##  ##     ## ##       ##     ##  ##   ##  ##       ##
     ######    ##  ########  ######   ########  #########  ######  ######
     ##        ##  ##    ##  ##       ##     ## ##     ##       ## ##
     ##       #### ##     ## ######## ########  ##     ##  ######  ########

You're about to initialize a Firebase project in this directory:

  C:\Users\rites\Downloads\vihaan-sip-consultancy (29)

[debug] [2026-07-18T16:16:20.899Z] <<< [apiv2][status] GET https://firebase-public.firebaseio.com/cli.json 200
[debug] [2026-07-18T16:16:20.900Z] <<< [apiv2][body] GET https://firebase-public.firebaseio.com/cli.json {"cloudBuildErrorAfter":1594252800000,"cloudBuildWarnAfter":1590019200000,"defaultNode10After":1594252800000,"minVersion":"3.0.5","node8DeploysDisabledAfter":1613390400000,"node8RuntimeDisabledAfter":1615809600000,"node8WarnAfter":1600128000000}
